
asamath@Samath MINGW64 ~
$ pwd
/c/Users/asamath

asamath@Samath MINGW64 ~
$ cd C/Users/asamath/Desktop/Cloud_Training/samath_master
bash: cd: C/Users/asamath/Desktop/Cloud_Training/samath_master: No such file or directory

asamath@Samath MINGW64 ~
$ cd /c/Users/asamath/Desktop/Cloud_Training/samath_master

asamath@Samath MINGW64 ~/Desktop/Cloud_Training/samath_master
$ git clone https://github.com/sqilup/sqilupdata4.git
Cloning into 'sqilupdata4'...
remote: Counting objects: 3, done.
remote: Total 3 (delta 0), reused 0 (delta 0), pack-reused 0
Unpacking objects: 100% (3/3), done.

asamath@Samath MINGW64 ~/Desktop/Cloud_Training/samath_master
$ cd sqilupdata4/

asamath@Samath MINGW64 ~/Desktop/Cloud_Training/samath_master/sqilupdata4 (master)
$ git branch
* master

asamath@Samath MINGW64 ~/Desktop/Cloud_Training/samath_master/sqilupdata4 (master)
$ cd ..

asamath@Samath MINGW64 ~/Desktop/Cloud_Training/samath_master
$ git status
fatal: not a git repository (or any of the parent directories): .git

asamath@Samath MINGW64 ~/Desktop/Cloud_Training/samath_master
$ cd sqilupdata4/

asamath@Samath MINGW64 ~/Desktop/Cloud_Training/samath_master/sqilupdata4 (master)
$ git status
On branch master
Your branch is up to date with 'origin/master'.

nothing to commit, working tree clean

asamath@Samath MINGW64 ~/Desktop/Cloud_Training/samath_master/sqilupdata4 (master)
$ git checkout -b samath_master
Switched to a new branch 'samath_master'

asamath@Samath MINGW64 ~/Desktop/Cloud_Training/samath_master/sqilupdata4 (samath_master)
$ git branch
  master
* samath_master

asamath@Samath MINGW64 ~/Desktop/Cloud_Training/samath_master/sqilupdata4 (samath_master)
$ pwd
/c/Users/asamath/Desktop/Cloud_Training/samath_master/sqilupdata4

asamath@Samath MINGW64 ~/Desktop/Cloud_Training/samath_master/sqilupdata4 (samath_master)
$ mkdir src

asamath@Samath MINGW64 ~/Desktop/Cloud_Training/samath_master/sqilupdata4 (samath_master)
$ mkdir src/main

asamath@Samath MINGW64 ~/Desktop/Cloud_Training/samath_master/sqilupdata4 (samath_master)
$ ^C

asamath@Samath MINGW64 ~/Desktop/Cloud_Training/samath_master/sqilupdata4 (samath_master)
$ ls -ltr
total 5
-rw-r--r-- 1 asamath 197609   15 Jul  7 11:09 README.md
drwxr-xr-x 1 asamath 197609    0 Jul  7 11:18 src/
-rw-r--r-- 1 asamath 197609 2109 Jul  7 11:24 git_commands.txt

asamath@Samath MINGW64 ~/Desktop/Cloud_Training/samath_master/sqilupdata4 (samath_master)
$ cd src/

asamath@Samath MINGW64 ~/Desktop/Cloud_Training/samath_master/sqilupdata4/src (samath_master)
$ ls -ltr
total 0
drwxr-xr-x 1 asamath 197609 0 Jul  7 11:21 main/

asamath@Samath MINGW64 ~/Desktop/Cloud_Training/samath_master/sqilupdata4/src (samath_master)
$ cd main

asamath@Samath MINGW64 ~/Desktop/Cloud_Training/samath_master/sqilupdata4/src/main (samath_master)
$ ls -ltr
total 1
-rw-r--r-- 1 asamath 197609 154 Jun 28 19:50 delete_bucket.py

asamath@Samath MINGW64 ~/Desktop/Cloud_Training/samath_master/sqilupdata4/src/main (samath_master)
$ git status
On branch samath_master
Untracked files:
  (use "git add <file>..." to include in what will be committed)

        ../../git_commands.txt
        ../

nothing added to commit but untracked files present (use "git add" to track)

asamath@Samath MINGW64 ~/Desktop/Cloud_Training/samath_master/sqilupdata4/src/main (samath_master)
$ git add *

asamath@Samath MINGW64 ~/Desktop/Cloud_Training/samath_master/sqilupdata4/src/main (samath_master)
$ git status
On branch samath_master
Changes to be committed:
  (use "git reset HEAD <file>..." to unstage)

        new file:   delete_bucket.py

Untracked files:
  (use "git add <file>..." to include in what will be committed)

        ../../git_commands.txt


asamath@Samath MINGW64 ~/Desktop/Cloud_Training/samath_master/sqilupdata4/src/main (samath_master)
$ git commit -m "first test code"

*** Please tell me who you are.

Run

  git config --global user.email "you@example.com"
  git config --global user.name "Your Name"

to set your account's default identity.
Omit --global to set the identity only in this repository.

fatal: unable to auto-detect email address (got 'asamath@Samath.(none)')

asamath@Samath MINGW64 ~/Desktop/Cloud_Training/samath_master/sqilupdata4/src/main (samath_master)
$ git config --global user.email "samath28@gmail.com"

asamath@Samath MINGW64 ~/Desktop/Cloud_Training/samath_master/sqilupdata4/src/main (samath_master)
$ git config --global user.name "Asamath"

asamath@Samath MINGW64 ~/Desktop/Cloud_Training/samath_master/sqilupdata4/src/main (samath_master)
$ git commit -m "first test code"
[samath_master 9f0201d] first test code
 1 file changed, 5 insertions(+)
 create mode 100644 src/main/delete_bucket.py

asamath@Samath MINGW64 ~/Desktop/Cloud_Training/samath_master/sqilupdata4/src/main (samath_master)
$ git status
On branch samath_master
Untracked files:
  (use "git add <file>..." to include in what will be committed)

        ../../git_commands.txt

nothing added to commit but untracked files present (use "git add" to track)

asamath@Samath MINGW64 ~/Desktop/Cloud_Training/samath_master/sqilupdata4/src/main (samath_master)
$ git pull origin master
From https://github.com/sqilup/sqilupdata4
 * branch            master     -> FETCH_HEAD
Already up to date.

asamath@Samath MINGW64 ~/Desktop/Cloud_Training/samath_master/sqilupdata4/src/main (samath_master)
$ git push origin samath_master
Enumerating objects: 6, done.
Counting objects: 100% (6/6), done.
Delta compression using up to 4 threads.
Compressing objects: 100% (3/3), done.
Writing objects: 100% (5/5), 476 bytes | 95.00 KiB/s, done.
Total 5 (delta 0), reused 0 (delta 0)
To https://github.com/sqilup/sqilupdata4.git
   1f5e2ac..9f0201d  samath_master -> samath_master

asamath@Samath MINGW64 ~/Desktop/Cloud_Training/samath_master/sqilupdata4/src/main (samath_master)
$ ls -ltr
total 1
-rw-r--r-- 1 asamath 197609 154 Jun 28 19:50 delete_bucket.py

asamath@Samath MINGW64 ~/Desktop/Cloud_Training/samath_master/sqilupdata4/src/main (samath_master)
$
